
Allocating common symbols
Common symbol       size              file

p                   0x4               main.o
p2                  0x4               main.o
isr_table           0x80              soc-hw.o
tic_msec            0x4               soc-hw.o

Memory Configuration

Name             Origin             Length             Attributes
ram              0x0000000000000000 0x0000000000001000
*default*        0x0000000000000000 0xffffffffffffffff

Linker script and memory map

                0x0000000000000000                __DYNAMIC = 0x0
                0x0000000000000000                _RAM_START = 0x0
                0x0000000000001000                _RAM_SIZE = 0x1000
                0x0000000000001000                _RAM_END = (_RAM_START + _RAM_SIZE)

.text           0x0000000000000000      0x558
                0x0000000000000000                _ftext = .
 *(.text .stub .text.* .gnu.linkonce.t.*)
 .text          0x0000000000000000      0x208 crt0ram.o
                0x0000000000000000                _start
                0x0000000000000140                irq_enable
                0x000000000000014c                irq_disable
                0x0000000000000158                irq_set_mask
                0x0000000000000160                irq_get_mask
                0x0000000000000168                jump
                0x000000000000016c                halt
                0x00000000000001f8                get_sp
                0x0000000000000200                get_gp
 .text          0x0000000000000208       0xb8 main.o
                0x0000000000000208                writeint
                0x0000000000000268                test2
                0x0000000000000284                test
                0x00000000000002ac                main
 .text          0x00000000000002c0      0x298 soc-hw.o
                0x00000000000002c0                isr_null
                0x00000000000002c4                tic_isr
                0x00000000000002f0                irq_handler
                0x0000000000000354                isr_init
                0x0000000000000378                isr_register
                0x0000000000000390                isr_unregister
                0x00000000000003b0                msleep
                0x00000000000003ec                nsleep
                0x000000000000041c                tic_init
                0x0000000000000460                uart_init
                0x0000000000000464                uart_getchar
                0x0000000000000488                uart_putchar
                0x00000000000004ac                uart_putstr
                0x00000000000004e0                prueba
                0x0000000000000558                _etext = .

.rodata         0x0000000000000558        0x8
                0x0000000000000558                . = ALIGN (0x4)
                0x0000000000000558                _frodata = .
 *(.rodata .rodata.* .gnu.linkonce.r.*)
 .rodata.cst4   0x0000000000000558        0x4 soc-hw.o
 .rodata.str1.4
                0x000000000000055c        0x4 soc-hw.o
 *(.rodata1)
                0x0000000000000560                _erodata = .

.data           0x0000000000000560       0x18
                0x0000000000000560                . = ALIGN (0x4)
                0x0000000000000560                _fdata = .
 *(.data .data.* .gnu.linkonce.d.*)
 .data          0x0000000000000560        0x0 crt0ram.o
 .data          0x0000000000000560        0x8 main.o
                0x0000000000000560                glob
 .data          0x0000000000000568       0x10 soc-hw.o
                0x0000000000000568                spi0
                0x000000000000056c                gpio0
                0x0000000000000570                timer0
                0x0000000000000574                uart0
 *(.data1)
                0x0000000000000580                _gp = ALIGN (0x10)
 *(.sdata .sdata.* .gnu.linkonce.s.*)
                0x0000000000000578                _edata = .

.bss            0x0000000000000578       0x8c
                0x0000000000000578                . = ALIGN (0x4)
                0x0000000000000578                _fbss = .
 *(.dynsbss)
 *(.sbss .sbss.* .gnu.linkonce.sb.*)
 *(.scommon)
 *(.dynbss)
 *(.bss .bss.* .gnu.linkonce.b.*)
 .bss           0x0000000000000578        0x0 crt0ram.o
 .bss           0x0000000000000578        0x0 main.o
 .bss           0x0000000000000578        0x0 soc-hw.o
 *(COMMON)
 COMMON         0x0000000000000578        0x8 main.o
                0x0000000000000578                p
                0x000000000000057c                p2
 COMMON         0x0000000000000580       0x84 soc-hw.o
                0x0000000000000580                isr_table
                0x0000000000000600                tic_msec
                0x0000000000000604                _ebss = .
                0x0000000000000604                _end = .
                0x0000000000000ffc                PROVIDE (_fstack, ((ORIGIN (ram) + 0x1000) - 0x4))
LOAD crt0ram.o
LOAD main.o
LOAD soc-hw.o
OUTPUT(image elf32-lm32)

.debug_abbrev   0x0000000000000000      0x30a
 .debug_abbrev  0x0000000000000000      0x157 main.o
 .debug_abbrev  0x0000000000000157      0x1b3 soc-hw.o

.debug_info     0x0000000000000000      0x791
 .debug_info    0x0000000000000000      0x269 main.o
 .debug_info    0x0000000000000269      0x528 soc-hw.o

.debug_line     0x0000000000000000      0x3d8
 .debug_line    0x0000000000000000       0xe2 main.o
 .debug_line    0x00000000000000e2      0x2f6 soc-hw.o

.debug_frame    0x0000000000000000      0x140
 .debug_frame   0x0000000000000000       0x50 main.o
 .debug_frame   0x0000000000000050       0xf0 soc-hw.o

.debug_loc      0x0000000000000000      0x1aa
 .debug_loc     0x0000000000000000       0x63 main.o
 .debug_loc     0x0000000000000063      0x147 soc-hw.o

.debug_pubnames
                0x0000000000000000      0x16e
 .debug_pubnames
                0x0000000000000000       0x51 main.o
 .debug_pubnames
                0x0000000000000051      0x11d soc-hw.o

.debug_pubtypes
                0x0000000000000000       0x8f
 .debug_pubtypes
                0x0000000000000000       0x36 main.o
 .debug_pubtypes
                0x0000000000000036       0x59 soc-hw.o

.debug_aranges  0x0000000000000000       0x40
 .debug_aranges
                0x0000000000000000       0x20 main.o
 .debug_aranges
                0x0000000000000020       0x20 soc-hw.o

.debug_str      0x0000000000000000      0x1fc
 .debug_str     0x0000000000000000       0xd1 main.o
                                         0xe7 (size before relaxing)
 .debug_str     0x00000000000000d1      0x12b soc-hw.o
                                        0x1d6 (size before relaxing)

.comment        0x0000000000000000       0x11
 .comment       0x0000000000000000       0x11 main.o
                                         0x12 (size before relaxing)
 .comment       0x0000000000000000       0x12 soc-hw.o

.debug_ranges   0x0000000000000000       0x30
 .debug_ranges  0x0000000000000000       0x30 soc-hw.o
